TAP version 13
# Subtest: 网址键保留查询参数及顺序，去掉 fragment
ok 1 - 网址键保留查询参数及顺序，去掉 fragment
  ---
  duration_ms: 3.270333
  ...
# Subtest: 拒绝缺失网址、内部页、本地文件和带登录信息的网址
ok 2 - 拒绝缺失网址、内部页、本地文件和带登录信息的网址
  ---
  duration_ms: 0.485375
  ...
# Subtest: 保存后重新打开同一网址读回原文，包括空格换行和 HTML 文本
ok 3 - 保存后重新打开同一网址读回原文，包括空格换行和 HTML 文本
  ---
  duration_ms: 0.5055
  ...
# Subtest: 不同 query 的网页便签相互独立
ok 4 - 不同 query 的网页便签相互独立
  ---
  duration_ms: 0.155375
  ...
# Subtest: 仅 fragment 变化仍保存到原来的同页键
ok 5 - 仅 fragment 变化仍保存到原来的同页键
  ---
  duration_ms: 0.654375
  ...
# Subtest: 未获网址读取能力时不加载、不写入便签
ok 6 - 未获网址读取能力时不加载、不写入便签
  ---
  duration_ms: 1.92275
  ...
# Subtest: 打开时网页正在加载或有待提交导航会拒绝绑定
ok 7 - 打开时网页正在加载或有待提交导航会拒绝绑定
  ---
  duration_ms: 0.161625
  ...
# Subtest: 储存读取期间切换页面，不把延迟返回的旧便签交给新页面
ok 8 - 储存读取期间切换页面，不把延迟返回的旧便签交给新页面
  ---
  duration_ms: 0.468375
  ...
# Subtest: 保存前检测换标签、换窗口、换网址、导航中和权限丢失，均不写入
ok 9 - 保存前检测换标签、换窗口、换网址、导航中和权限丢失，均不写入
  ---
  duration_ms: 2.201292
  ...
# Subtest: 导航事件使旧会话永久失效，即使之后网址相同
ok 10 - 导航事件使旧会话永久失效，即使之后网址相同
  ---
  duration_ms: 0.618042
  ...
# Subtest: 状态核验等待期间发生失效，不会写入
ok 11 - 状态核验等待期间发生失效，不会写入
  ---
  duration_ms: 0.48775
  ...
# Subtest: 即使保存调用开始后页面才变化，写入键仍固定为打开时的旧页
ok 12 - 即使保存调用开始后页面才变化，写入键仍固定为打开时的旧页
  ---
  duration_ms: 0.835
  ...
# Subtest: 伪造或复制的会话对象不得写入
ok 13 - 伪造或复制的会话对象不得写入
  ---
  duration_ms: 0.46325
  ...
# Subtest: 空内容、超长内容不覆盖旧便签
ok 14 - 空内容、超长内容不覆盖旧便签
  ---
  duration_ms: 0.586708
  ...
# Subtest: 删除仅作用于当前页，切页后的删除被拦截
ok 15 - 删除仅作用于当前页，切页后的删除被拦截
  ---
  duration_ms: 0.242292
  ...
# Subtest: 错误格式的旧记录不会被当成空便签覆盖
ok 16 - 错误格式的旧记录不会被当成空便签覆盖
  ---
  duration_ms: 0.364292
  ...
# Subtest: 储存失败会传递错误，不伪造保存成功
ok 17 - 储存失败会传递错误，不伪造保存成功
  ---
  duration_ms: 0.843667
  ...
1..17
# tests 17
# suites 0
# pass 17
# fail 0
# cancelled 0
# skipped 0
# todo 0
# duration_ms 103.750541
